12:50:20 **** Build of configuration Debug for project asd ****
make -j4 all 
arm-none-eabi-gcc "../Src/asd.c" -mcpu=cortex-m4 -std=gnu11 -g3 -DDEBUG -DSTM32F303VCTx -DSTM32 -DSTM32F3 -DSTM32F3DISCOVERY -c -I../Inc -O0 -ffunction-sections -fdata-sections -Wall -fstack-usage -fcyclomatic-complexity -MMD -MP -MF"Src/asd.d" -MT"Src/asd.o" --specs=nano.specs -mfpu=fpv4-sp-d16 -mfloat-abi=hard -mthumb -o "Src/asd.o"
arm-none-eabi-gcc "../Src/syscalls.c" -mcpu=cortex-m4 -std=gnu11 -g3 -DDEBUG -DSTM32F303VCTx -DSTM32 -DSTM32F3 -DSTM32F3DISCOVERY -c -I../Inc -O0 -ffunction-sections -fdata-sections -Wall -fstack-usage -fcyclomatic-complexity -MMD -MP -MF"Src/syscalls.d" -MT"Src/syscalls.o" --specs=nano.specs -mfpu=fpv4-sp-d16 -mfloat-abi=hard -mthumb -o "Src/syscalls.o"
arm-none-eabi-gcc "../Src/sysmem.c" -mcpu=cortex-m4 -std=gnu11 -g3 -DDEBUG -DSTM32F303VCTx -DSTM32 -DSTM32F3 -DSTM32F3DISCOVERY -c -I../Inc -O0 -ffunction-sections -fdata-sections -Wall -fstack-usage -fcyclomatic-complexity -MMD -MP -MF"Src/sysmem.d" -MT"Src/sysmem.o" --specs=nano.specs -mfpu=fpv4-sp-d16 -mfloat-abi=hard -mthumb -o "Src/sysmem.o"
arm-none-eabi-ar -r  "libasd.a" @"objects.list"  
arm-none-eabi-ar: creating libasd.a
Finished building target: libasd.a
 
13:24:30 **** Build of configuration Debug for project namename ****
make -j4 all 
arm-none-eabi-gcc "../Drivers/STM32F3xx_HAL_Driver/Src/stm32f3xx_hal.c" -mcpu=cortex-m4 -std=gnu11 -g3 -DDEBUG -DUSE_HAL_DRIVER -DSTM32F303xC -c -I../Core/Inc -I../Drivers/STM32F3xx_HAL_Driver/Inc -I../Drivers/STM32F3xx_HAL_Driver/Inc/Legacy -I../Drivers/CMSIS/Device/ST/STM32F3xx/Include -I../Drivers/CMSIS/Include -O0 -ffunction-sections -fdata-sections -Wall -fstack-usage -fcyclomatic-complexity -MMD -MP -MF"Drivers/STM32F3xx_HAL_Driver/Src/stm32f3xx_hal.d" -MT"Drivers/STM32F3xx_HAL_Driver/Src/stm32f3xx_hal.o" --specs=nano.specs -mfpu=fpv4-sp-d16 -mfloat-abi=hard -mthumb -o "Drivers/STM32F3xx_HAL_Driver/Src/stm32f3xx_hal.o"
arm-none-eabi-gcc "../Drivers/STM32F3xx_HAL_Driver/Src/stm32f3xx_hal_cortex.c" -mcpu=cortex-m4 -std=gnu11 -g3 -DDEBUG -DUSE_HAL_DRIVER -DSTM32F303xC -c -I../Core/Inc -I../Drivers/STM32F3xx_HAL_Driver/Inc -I../Drivers/STM32F3xx_HAL_Driver/Inc/Legacy -I../Drivers/CMSIS/Device/ST/STM32F3xx/Include -I../Drivers/CMSIS/Include -O0 -ffunction-sections -fdata-sections -Wall -fstack-usage -fcyclomatic-complexity -MMD -MP -MF"Drivers/STM32F3xx_HAL_Driver/Src/stm32f3xx_hal_cortex.d" -MT"Drivers/STM32F3xx_HAL_Driver/Src/stm32f3xx_hal_cortex.o" --specs=nano.specs -mfpu=fpv4-sp-d16 -mfloat-abi=hard -mthumb -o "Drivers/STM32F3xx_HAL_Driver/Src/stm32f3xx_hal_cortex.o"
arm-none-eabi-gcc "../Drivers/STM32F3xx_HAL_Driver/Src/stm32f3xx_hal_dma.c" -mcpu=cortex-m4 -std=gnu11 -g3 -DDEBUG -DUSE_HAL_DRIVER -DSTM32F303xC -c -I../Core/Inc -I../Drivers/STM32F3xx_HAL_Driver/Inc -I../Drivers/STM32F3xx_HAL_Driver/Inc/Legacy -I../Drivers/CMSIS/Device/ST/STM32F3xx/Include -I../Drivers/CMSIS/Include -O0 -ffunction-sections -fdata-sections -Wall -fstack-usage -fcyclomatic-complexity -MMD -MP -MF"Drivers/STM32F3xx_HAL_Driver/Src/stm32f3xx_hal_dma.d" -MT"Drivers/STM32F3xx_HAL_Driver/Src/stm32f3xx_hal_dma.o" --specs=nano.specs -mfpu=fpv4-sp-d16 -mfloat-abi=hard -mthumb -o "Drivers/STM32F3xx_HAL_Driver/Src/stm32f3xx_hal_dma.o"
arm-none-eabi-gcc "../Drivers/STM32F3xx_HAL_Driver/Src/stm32f3xx_hal_exti.c" -mcpu=cortex-m4 -std=gnu11 -g3 -DDEBUG -DUSE_HAL_DRIVER -DSTM32F303xC -c -I../Core/Inc -I../Drivers/STM32F3xx_HAL_Driver/Inc -I../Drivers/STM32F3xx_HAL_Driver/Inc/Legacy -I../Drivers/CMSIS/Device/ST/STM32F3xx/Include -I../Drivers/CMSIS/Include -O0 -ffunction-sections -fdata-sections -Wall -fstack-usage -fcyclomatic-complexity -MMD -MP -MF"Drivers/STM32F3xx_HAL_Driver/Src/stm32f3xx_hal_exti.d" -MT"Drivers/STM32F3xx_HAL_Driver/Src/stm32f3xx_hal_exti.o" --specs=nano.specs -mfpu=fpv4-sp-d16 -mfloat-abi=hard -mthumb -o "Drivers/STM32F3xx_HAL_Driver/Src/stm32f3xx_hal_exti.o"
arm-none-eabi-gcc "../Drivers/STM32F3xx_HAL_Driver/Src/stm32f3xx_hal_flash.c" -mcpu=cortex-m4 -std=gnu11 -g3 -DDEBUG -DUSE_HAL_DRIVER -DSTM32F303xC -c -I../Core/Inc -I../Drivers/STM32F3xx_HAL_Driver/Inc -I../Drivers/STM32F3xx_HAL_Driver/Inc/Legacy -I../Drivers/CMSIS/Device/ST/STM32F3xx/Include -I../Drivers/CMSIS/Include -O0 -ffunction-sections -fdata-sections -Wall -fstack-usage -fcyclomatic-complexity -MMD -MP -MF"Drivers/STM32F3xx_HAL_Driver/Src/stm32f3xx_hal_flash.d" -MT"Drivers/STM32F3xx_HAL_Driver/Src/stm32f3xx_hal_flash.o" --specs=nano.specs -mfpu=fpv4-sp-d16 -mfloat-abi=hard -mthumb -o "Drivers/STM32F3xx_HAL_Driver/Src/stm32f3xx_hal_flash.o"
arm-none-eabi-gcc "../Drivers/STM32F3xx_HAL_Driver/Src/stm32f3xx_hal_flash_ex.c" -mcpu=cortex-m4 -std=gnu11 -g3 -DDEBUG -DUSE_HAL_DRIVER -DSTM32F303xC -c -I../Core/Inc -I../Drivers/STM32F3xx_HAL_Driver/Inc -I../Drivers/STM32F3xx_HAL_Driver/Inc/Legacy -I../Drivers/CMSIS/Device/ST/STM32F3xx/Include -I../Drivers/CMSIS/Include -O0 -ffunction-sections -fdata-sections -Wall -fstack-usage -fcyclomatic-complexity -MMD -MP -MF"Drivers/STM32F3xx_HAL_Driver/Src/stm32f3xx_hal_flash_ex.d" -MT"Drivers/STM32F3xx_HAL_Driver/Src/stm32f3xx_hal_flash_ex.o" --specs=nano.specs -mfpu=fpv4-sp-d16 -mfloat-abi=hard -mthumb -o "Drivers/STM32F3xx_HAL_Driver/Src/stm32f3xx_hal_flash_ex.o"
arm-none-eabi-gcc "../Drivers/STM32F3xx_HAL_Driver/Src/stm32f3xx_hal_gpio.c" -mcpu=cortex-m4 -std=gnu11 -g3 -DDEBUG -DUSE_HAL_DRIVER -DSTM32F303xC -c -I../Core/Inc -I../Drivers/STM32F3xx_HAL_Driver/Inc -I../Drivers/STM32F3xx_HAL_Driver/Inc/Legacy -I../Drivers/CMSIS/Device/ST/STM32F3xx/Include -I../Drivers/CMSIS/Include -O0 -ffunction-sections -fdata-sections -Wall -fstack-usage -fcyclomatic-complexity -MMD -MP -MF"Drivers/STM32F3xx_HAL_Driver/Src/stm32f3xx_hal_gpio.d" -MT"Drivers/STM32F3xx_HAL_Driver/Src/stm32f3xx_hal_gpio.o" --specs=nano.specs -mfpu=fpv4-sp-d16 -mfloat-abi=hard -mthumb -o "Drivers/STM32F3xx_HAL_Driver/Src/stm32f3xx_hal_gpio.o"
arm-none-eabi-gcc "../Drivers/STM32F3xx_HAL_Driver/Src/stm32f3xx_hal_i2c.c" -mcpu=cortex-m4 -std=gnu11 -g3 -DDEBUG -DUSE_HAL_DRIVER -DSTM32F303xC -c -I../Core/Inc -I../Drivers/STM32F3xx_HAL_Driver/Inc -I../Drivers/STM32F3xx_HAL_Driver/Inc/Legacy -I../Drivers/CMSIS/Device/ST/STM32F3xx/Include -I../Drivers/CMSIS/Include -O0 -ffunction-sections -fdata-sections -Wall -fstack-usage -fcyclomatic-complexity -MMD -MP -MF"Drivers/STM32F3xx_HAL_Driver/Src/stm32f3xx_hal_i2c.d" -MT"Drivers/STM32F3xx_HAL_Driver/Src/stm32f3xx_hal_i2c.o" --specs=nano.specs -mfpu=fpv4-sp-d16 -mfloat-abi=hard -mthumb -o "Drivers/STM32F3xx_HAL_Driver/Src/stm32f3xx_hal_i2c.o"
arm-none-eabi-gcc "../Drivers/STM32F3xx_HAL_Driver/Src/stm32f3xx_hal_i2c_ex.c" -mcpu=cortex-m4 -std=gnu11 -g3 -DDEBUG -DUSE_HAL_DRIVER -DSTM32F303xC -c -I../Core/Inc -I../Drivers/STM32F3xx_HAL_Driver/Inc -I../Drivers/STM32F3xx_HAL_Driver/Inc/Legacy -I../Drivers/CMSIS/Device/ST/STM32F3xx/Include -I../Drivers/CMSIS/Include -O0 -ffunction-sections -fdata-sections -Wall -fstack-usage -fcyclomatic-complexity -MMD -MP -MF"Drivers/STM32F3xx_HAL_Driver/Src/stm32f3xx_hal_i2c_ex.d" -MT"Drivers/STM32F3xx_HAL_Driver/Src/stm32f3xx_hal_i2c_ex.o" --specs=nano.specs -mfpu=fpv4-sp-d16 -mfloat-abi=hard -mthumb -o "Drivers/STM32F3xx_HAL_Driver/Src/stm32f3xx_hal_i2c_ex.o"
arm-none-eabi-gcc "../Drivers/STM32F3xx_HAL_Driver/Src/stm32f3xx_hal_pcd.c" -mcpu=cortex-m4 -std=gnu11 -g3 -DDEBUG -DUSE_HAL_DRIVER -DSTM32F303xC -c -I../Core/Inc -I../Drivers/STM32F3xx_HAL_Driver/Inc -I../Drivers/STM32F3xx_HAL_Driver/Inc/Legacy -I../Drivers/CMSIS/Device/ST/STM32F3xx/Include -I../Drivers/CMSIS/Include -O0 -ffunction-sections -fdata-sections -Wall -fstack-usage -fcyclomatic-complexity -MMD -MP -MF"Drivers/STM32F3xx_HAL_Driver/Src/stm32f3xx_hal_pcd.d" -MT"Drivers/STM32F3xx_HAL_Driver/Src/stm32f3xx_hal_pcd.o" --specs=nano.specs -mfpu=fpv4-sp-d16 -mfloat-abi=hard -mthumb -o "Drivers/STM32F3xx_HAL_Driver/Src/stm32f3xx_hal_pcd.o"
arm-none-eabi-gcc "../Drivers/STM32F3xx_HAL_Driver/Src/stm32f3xx_hal_pcd_ex.c" -mcpu=cortex-m4 -std=gnu11 -g3 -DDEBUG -DUSE_HAL_DRIVER -DSTM32F303xC -c -I../Core/Inc -I../Drivers/STM32F3xx_HAL_Driver/Inc -I../Drivers/STM32F3xx_HAL_Driver/Inc/Legacy -I../Drivers/CMSIS/Device/ST/STM32F3xx/Include -I../Drivers/CMSIS/Include -O0 -ffunction-sections -fdata-sections -Wall -fstack-usage -fcyclomatic-complexity -MMD -MP -MF"Drivers/STM32F3xx_HAL_Driver/Src/stm32f3xx_hal_pcd_ex.d" -MT"Drivers/STM32F3xx_HAL_Driver/Src/stm32f3xx_hal_pcd_ex.o" --specs=nano.specs -mfpu=fpv4-sp-d16 -mfloat-abi=hard -mthumb -o "Drivers/STM32F3xx_HAL_Driver/Src/stm32f3xx_hal_pcd_ex.o"
arm-none-eabi-gcc "../Drivers/STM32F3xx_HAL_Driver/Src/stm32f3xx_hal_pwr.c" -mcpu=cortex-m4 -std=gnu11 -g3 -DDEBUG -DUSE_HAL_DRIVER -DSTM32F303xC -c -I../Core/Inc -I../Drivers/STM32F3xx_HAL_Driver/Inc -I../Drivers/STM32F3xx_HAL_Driver/Inc/Legacy -I../Drivers/CMSIS/Device/ST/STM32F3xx/Include -I../Drivers/CMSIS/Include -O0 -ffunction-sections -fdata-sections -Wall -fstack-usage -fcyclomatic-complexity -MMD -MP -MF"Drivers/STM32F3xx_HAL_Driver/Src/stm32f3xx_hal_pwr.d" -MT"Drivers/STM32F3xx_HAL_Driver/Src/stm32f3xx_hal_pwr.o" --specs=nano.specs -mfpu=fpv4-sp-d16 -mfloat-abi=hard -mthumb -o "Drivers/STM32F3xx_HAL_Driver/Src/stm32f3xx_hal_pwr.o"
arm-none-eabi-gcc "../Drivers/STM32F3xx_HAL_Driver/Src/stm32f3xx_hal_pwr_ex.c" -mcpu=cortex-m4 -std=gnu11 -g3 -DDEBUG -DUSE_HAL_DRIVER -DSTM32F303xC -c -I../Core/Inc -I../Drivers/STM32F3xx_HAL_Driver/Inc -I../Drivers/STM32F3xx_HAL_Driver/Inc/Legacy -I../Drivers/CMSIS/Device/ST/STM32F3xx/Include -I../Drivers/CMSIS/Include -O0 -ffunction-sections -fdata-sections -Wall -fstack-usage -fcyclomatic-complexity -MMD -MP -MF"Drivers/STM32F3xx_HAL_Driver/Src/stm32f3xx_hal_pwr_ex.d" -MT"Drivers/STM32F3xx_HAL_Driver/Src/stm32f3xx_hal_pwr_ex.o" --specs=nano.specs -mfpu=fpv4-sp-d16 -mfloat-abi=hard -mthumb -o "Drivers/STM32F3xx_HAL_Driver/Src/stm32f3xx_hal_pwr_ex.o"
arm-none-eabi-gcc "../Drivers/STM32F3xx_HAL_Driver/Src/stm32f3xx_hal_rcc.c" -mcpu=cortex-m4 -std=gnu11 -g3 -DDEBUG -DUSE_HAL_DRIVER -DSTM32F303xC -c -I../Core/Inc -I../Drivers/STM32F3xx_HAL_Driver/Inc -I../Drivers/STM32F3xx_HAL_Driver/Inc/Legacy -I../Drivers/CMSIS/Device/ST/STM32F3xx/Include -I../Drivers/CMSIS/Include -O0 -ffunction-sections -fdata-sections -Wall -fstack-usage -fcyclomatic-complexity -MMD -MP -MF"Drivers/STM32F3xx_HAL_Driver/Src/stm32f3xx_hal_rcc.d" -MT"Drivers/STM32F3xx_HAL_Driver/Src/stm32f3xx_hal_rcc.o" --specs=nano.specs -mfpu=fpv4-sp-d16 -mfloat-abi=hard -mthumb -o "Drivers/STM32F3xx_HAL_Driver/Src/stm32f3xx_hal_rcc.o"
arm-none-eabi-gcc "../Drivers/STM32F3xx_HAL_Driver/Src/stm32f3xx_hal_rcc_ex.c" -mcpu=cortex-m4 -std=gnu11 -g3 -DDEBUG -DUSE_HAL_DRIVER -DSTM32F303xC -c -I../Core/Inc -I../Drivers/STM32F3xx_HAL_Driver/Inc -I../Drivers/STM32F3xx_HAL_Driver/Inc/Legacy -I../Drivers/CMSIS/Device/ST/STM32F3xx/Include -I../Drivers/CMSIS/Include -O0 -ffunction-sections -fdata-sections -Wall -fstack-usage -fcyclomatic-complexity -MMD -MP -MF"Drivers/STM32F3xx_HAL_Driver/Src/stm32f3xx_hal_rcc_ex.d" -MT"Drivers/STM32F3xx_HAL_Driver/Src/stm32f3xx_hal_rcc_ex.o" --specs=nano.specs -mfpu=fpv4-sp-d16 -mfloat-abi=hard -mthumb -o "Drivers/STM32F3xx_HAL_Driver/Src/stm32f3xx_hal_rcc_ex.o"
arm-none-eabi-gcc "../Drivers/STM32F3xx_HAL_Driver/Src/stm32f3xx_hal_spi.c" -mcpu=cortex-m4 -std=gnu11 -g3 -DDEBUG -DUSE_HAL_DRIVER -DSTM32F303xC -c -I../Core/Inc -I../Drivers/STM32F3xx_HAL_Driver/Inc -I../Drivers/STM32F3xx_HAL_Driver/Inc/Legacy -I../Drivers/CMSIS/Device/ST/STM32F3xx/Include -I../Drivers/CMSIS/Include -O0 -ffunction-sections -fdata-sections -Wall -fstack-usage -fcyclomatic-complexity -MMD -MP -MF"Drivers/STM32F3xx_HAL_Driver/Src/stm32f3xx_hal_spi.d" -MT"Drivers/STM32F3xx_HAL_Driver/Src/stm32f3xx_hal_spi.o" --specs=nano.specs -mfpu=fpv4-sp-d16 -mfloat-abi=hard -mthumb -o "Drivers/STM32F3xx_HAL_Driver/Src/stm32f3xx_hal_spi.o"
arm-none-eabi-gcc "../Drivers/STM32F3xx_HAL_Driver/Src/stm32f3xx_hal_spi_ex.c" -mcpu=cortex-m4 -std=gnu11 -g3 -DDEBUG -DUSE_HAL_DRIVER -DSTM32F303xC -c -I../Core/Inc -I../Drivers/STM32F3xx_HAL_Driver/Inc -I../Drivers/STM32F3xx_HAL_Driver/Inc/Legacy -I../Drivers/CMSIS/Device/ST/STM32F3xx/Include -I../Drivers/CMSIS/Include -O0 -ffunction-sections -fdata-sections -Wall -fstack-usage -fcyclomatic-complexity -MMD -MP -MF"Drivers/STM32F3xx_HAL_Driver/Src/stm32f3xx_hal_spi_ex.d" -MT"Drivers/STM32F3xx_HAL_Driver/Src/stm32f3xx_hal_spi_ex.o" --specs=nano.specs -mfpu=fpv4-sp-d16 -mfloat-abi=hard -mthumb -o "Drivers/STM32F3xx_HAL_Driver/Src/stm32f3xx_hal_spi_ex.o"
arm-none-eabi-gcc "../Drivers/STM32F3xx_HAL_Driver/Src/stm32f3xx_hal_tim.c" -mcpu=cortex-m4 -std=gnu11 -g3 -DDEBUG -DUSE_HAL_DRIVER -DSTM32F303xC -c -I../Core/Inc -I../Drivers/STM32F3xx_HAL_Driver/Inc -I../Drivers/STM32F3xx_HAL_Driver/Inc/Legacy -I../Drivers/CMSIS/Device/ST/STM32F3xx/Include -I../Drivers/CMSIS/Include -O0 -ffunction-sections -fdata-sections -Wall -fstack-usage -fcyclomatic-complexity -MMD -MP -MF"Drivers/STM32F3xx_HAL_Driver/Src/stm32f3xx_hal_tim.d" -MT"Drivers/STM32F3xx_HAL_Driver/Src/stm32f3xx_hal_tim.o" --specs=nano.specs -mfpu=fpv4-sp-d16 -mfloat-abi=hard -mthumb -o "Drivers/STM32F3xx_HAL_Driver/Src/stm32f3xx_hal_tim.o"
arm-none-eabi-gcc "../Drivers/STM32F3xx_HAL_Driver/Src/stm32f3xx_hal_tim_ex.c" -mcpu=cortex-m4 -std=gnu11 -g3 -DDEBUG -DUSE_HAL_DRIVER -DSTM32F303xC -c -I../Core/Inc -I../Drivers/STM32F3xx_HAL_Driver/Inc -I../Drivers/STM32F3xx_HAL_Driver/Inc/Legacy -I../Drivers/CMSIS/Device/ST/STM32F3xx/Include -I../Drivers/CMSIS/Include -O0 -ffunction-sections -fdata-sections -Wall -fstack-usage -fcyclomatic-complexity -MMD -MP -MF"Drivers/STM32F3xx_HAL_Driver/Src/stm32f3xx_hal_tim_ex.d" -MT"Drivers/STM32F3xx_HAL_Driver/Src/stm32f3xx_hal_tim_ex.o" --specs=nano.specs -mfpu=fpv4-sp-d16 -mfloat-abi=hard -mthumb -o "Drivers/STM32F3xx_HAL_Driver/Src/stm32f3xx_hal_tim_ex.o"
arm-none-eabi-gcc "../Drivers/STM32F3xx_HAL_Driver/Src/stm32f3xx_ll_usb.c" -mcpu=cortex-m4 -std=gnu11 -g3 -DDEBUG -DUSE_HAL_DRIVER -DSTM32F303xC -c -I../Core/Inc -I../Drivers/STM32F3xx_HAL_Driver/Inc -I../Drivers/STM32F3xx_HAL_Driver/Inc/Legacy -I../Drivers/CMSIS/Device/ST/STM32F3xx/Include -I../Drivers/CMSIS/Include -O0 -ffunction-sections -fdata-sections -Wall -fstack-usage -fcyclomatic-complexity -MMD -MP -MF"Drivers/STM32F3xx_HAL_Driver/Src/stm32f3xx_ll_usb.d" -MT"Drivers/STM32F3xx_HAL_Driver/Src/stm32f3xx_ll_usb.o" --specs=nano.specs -mfpu=fpv4-sp-d16 -mfloat-abi=hard -mthumb -o "Drivers/STM32F3xx_HAL_Driver/Src/stm32f3xx_ll_usb.o"
arm-none-eabi-gcc -mcpu=cortex-m4 -g3 -DDEBUG -c -x assembler-with-cpp -MMD -MP -MF"Core/Startup/startup_stm32f303vctx.d" -MT"Core/Startup/startup_stm32f303vctx.o" --specs=nano.specs -mfpu=fpv4-sp-d16 -mfloat-abi=hard -mthumb -o "Core/Startup/startup_stm32f303vctx.o" "../Core/Startup/startup_stm32f303vctx.s"
arm-none-eabi-gcc "../Core/Src/main.c" -mcpu=cortex-m4 -std=gnu11 -g3 -DDEBUG -DUSE_HAL_DRIVER -DSTM32F303xC -c -I../Core/Inc -I../Drivers/STM32F3xx_HAL_Driver/Inc -I../Drivers/STM32F3xx_HAL_Driver/Inc/Legacy -I../Drivers/CMSIS/Device/ST/STM32F3xx/Include -I../Drivers/CMSIS/Include -O0 -ffunction-sections -fdata-sections -Wall -fstack-usage -fcyclomatic-complexity -MMD -MP -MF"Core/Src/main.d" -MT"Core/Src/main.o" --specs=nano.specs -mfpu=fpv4-sp-d16 -mfloat-abi=hard -mthumb -o "Core/Src/main.o"
arm-none-eabi-gcc "../Core/Src/stm32f3xx_hal_msp.c" -mcpu=cortex-m4 -std=gnu11 -g3 -DDEBUG -DUSE_HAL_DRIVER -DSTM32F303xC -c -I../Core/Inc -I../Drivers/STM32F3xx_HAL_Driver/Inc -I../Drivers/STM32F3xx_HAL_Driver/Inc/Legacy -I../Drivers/CMSIS/Device/ST/STM32F3xx/Include -I../Drivers/CMSIS/Include -O0 -ffunction-sections -fdata-sections -Wall -fstack-usage -fcyclomatic-complexity -MMD -MP -MF"Core/Src/stm32f3xx_hal_msp.d" -MT"Core/Src/stm32f3xx_hal_msp.o" --specs=nano.specs -mfpu=fpv4-sp-d16 -mfloat-abi=hard -mthumb -o "Core/Src/stm32f3xx_hal_msp.o"
arm-none-eabi-gcc "../Core/Src/stm32f3xx_it.c" -mcpu=cortex-m4 -std=gnu11 -g3 -DDEBUG -DUSE_HAL_DRIVER -DSTM32F303xC -c -I../Core/Inc -I../Drivers/STM32F3xx_HAL_Driver/Inc -I../Drivers/STM32F3xx_HAL_Driver/Inc/Legacy -I../Drivers/CMSIS/Device/ST/STM32F3xx/Include -I../Drivers/CMSIS/Include -O0 -ffunction-sections -fdata-sections -Wall -fstack-usage -fcyclomatic-complexity -MMD -MP -MF"Core/Src/stm32f3xx_it.d" -MT"Core/Src/stm32f3xx_it.o" --specs=nano.specs -mfpu=fpv4-sp-d16 -mfloat-abi=hard -mthumb -o "Core/Src/stm32f3xx_it.o"
arm-none-eabi-gcc "../Core/Src/syscalls.c" -mcpu=cortex-m4 -std=gnu11 -g3 -DDEBUG -DUSE_HAL_DRIVER -DSTM32F303xC -c -I../Core/Inc -I../Drivers/STM32F3xx_HAL_Driver/Inc -I../Drivers/STM32F3xx_HAL_Driver/Inc/Legacy -I../Drivers/CMSIS/Device/ST/STM32F3xx/Include -I../Drivers/CMSIS/Include -O0 -ffunction-sections -fdata-sections -Wall -fstack-usage -fcyclomatic-complexity -MMD -MP -MF"Core/Src/syscalls.d" -MT"Core/Src/syscalls.o" --specs=nano.specs -mfpu=fpv4-sp-d16 -mfloat-abi=hard -mthumb -o "Core/Src/syscalls.o"
arm-none-eabi-gcc "../Core/Src/sysmem.c" -mcpu=cortex-m4 -std=gnu11 -g3 -DDEBUG -DUSE_HAL_DRIVER -DSTM32F303xC -c -I../Core/Inc -I../Drivers/STM32F3xx_HAL_Driver/Inc -I../Drivers/STM32F3xx_HAL_Driver/Inc/Legacy -I../Drivers/CMSIS/Device/ST/STM32F3xx/Include -I../Drivers/CMSIS/Include -O0 -ffunction-sections -fdata-sections -Wall -fstack-usage -fcyclomatic-complexity -MMD -MP -MF"Core/Src/sysmem.d" -MT"Core/Src/sysmem.o" --specs=nano.specs -mfpu=fpv4-sp-d16 -mfloat-abi=hard -mthumb -o "Core/Src/sysmem.o"
arm-none-eabi-gcc "../Core/Src/system_stm32f3xx.c" -mcpu=cortex-m4 -std=gnu11 -g3 -DDEBUG -DUSE_HAL_DRIVER -DSTM32F303xC -c -I../Core/Inc -I../Drivers/STM32F3xx_HAL_Driver/Inc -I../Drivers/STM32F3xx_HAL_Driver/Inc/Legacy -I../Drivers/CMSIS/Device/ST/STM32F3xx/Include -I../Drivers/CMSIS/Include -O0 -ffunction-sections -fdata-sections -Wall -fstack-usage -fcyclomatic-complexity -MMD -MP -MF"Core/Src/system_stm32f3xx.d" -MT"Core/Src/system_stm32f3xx.o" --specs=nano.specs -mfpu=fpv4-sp-d16 -mfloat-abi=hard -mthumb -o "Core/Src/system_stm32f3xx.o"
arm-none-eabi-gcc -o "namename.elf" @"objects.list"   -mcpu=cortex-m4 -T"C:\Users\green\STM32CubeIDE\workspace_1.13.1\namename\STM32F303VCTX_FLASH.ld" --specs=nosys.specs -Wl,-Map="namename.map" -Wl,--gc-sections -static --specs=nano.specs -mfpu=fpv4-sp-d16 -mfloat-abi=hard -mthumb -Wl,--start-group -lc -lm -Wl,--end-group
Finished building target: namename.elf
 
arm-none-eabi-size   namename.elf 
arm-none-eabi-objdump -h -S  namename.elf  > "namename.list"
   text	   data	    bss	    dec	    hex	filename
  11104	     20	   2500	  13624	   3538	namename.elf
Finished building: default.size.stdout
 
Finished building: namename.list
 
13:25:49 **** Incremental Build of configuration Debug for project namename ****
make -j4 all 
arm-none-eabi-gcc "../Core/Src/main.c" -mcpu=cortex-m4 -std=gnu11 -g3 -DDEBUG -DUSE_HAL_DRIVER -DSTM32F303xC -c -I../Core/Inc -I../Drivers/STM32F3xx_HAL_Driver/Inc -I../Drivers/STM32F3xx_HAL_Driver/Inc/Legacy -I../Drivers/CMSIS/Device/ST/STM32F3xx/Include -I../Drivers/CMSIS/Include -O0 -ffunction-sections -fdata-sections -Wall -fstack-usage -fcyclomatic-complexity -MMD -MP -MF"Core/Src/main.d" -MT"Core/Src/main.o" --specs=nano.specs -mfpu=fpv4-sp-d16 -mfloat-abi=hard -mthumb -o "Core/Src/main.o"
arm-none-eabi-gcc -o "namename.elf" @"objects.list"   -mcpu=cortex-m4 -T"C:\Users\green\STM32CubeIDE\workspace_1.13.1\namename\STM32F303VCTX_FLASH.ld" --specs=nosys.specs -Wl,-Map="namename.map" -Wl,--gc-sections -static --specs=nano.specs -mfpu=fpv4-sp-d16 -mfloat-abi=hard -mthumb -Wl,--start-group -lc -lm -Wl,--end-group
Finished building target: namename.elf
 
arm-none-eabi-size   namename.elf 
arm-none-eabi-objdump -h -S  namename.elf  > "namename.list"
   text	   data	    bss	    dec	    hex	filename
  11104	     20	   2500	  13624	   3538	namename.elf
Finished building: default.size.stdout
 
Finished building: namename.list
 
13:31:11 **** Incremental Build of configuration Debug for project namename ****
make -j4 all 
arm-none-eabi-gcc "../Core/Src/main.c" -mcpu=cortex-m4 -std=gnu11 -g3 -DDEBUG -DUSE_HAL_DRIVER -DSTM32F303xC -c -I../Core/Inc -I../Drivers/STM32F3xx_HAL_Driver/Inc -I../Drivers/STM32F3xx_HAL_Driver/Inc/Legacy -I../Drivers/CMSIS/Device/ST/STM32F3xx/Include -I../Drivers/CMSIS/Include -O0 -ffunction-sections -fdata-sections -Wall -fstack-usage -fcyclomatic-complexity -MMD -MP -MF"Core/Src/main.d" -MT"Core/Src/main.o" --specs=nano.specs -mfpu=fpv4-sp-d16 -mfloat-abi=hard -mthumb -o "Core/Src/main.o"
arm-none-eabi-gcc -o "namename.elf" @"objects.list"   -mcpu=cortex-m4 -T"C:\Users\green\STM32CubeIDE\workspace_1.13.1\namename\STM32F303VCTX_FLASH.ld" --specs=nosys.specs -Wl,-Map="namename.map" -Wl,--gc-sections -static --specs=nano.specs -mfpu=fpv4-sp-d16 -mfloat-abi=hard -mthumb -Wl,--start-group -lc -lm -Wl,--end-group
Finished building target: namename.elf
 
arm-none-eabi-size   namename.elf 
arm-none-eabi-objdump -h -S  namename.elf  > "namename.list"
   text	   data	    bss	    dec	    hex	filename
    816	     12	   1572	   2400	    960	namename.elf
Finished building: default.size.stdout
 
Finished building: namename.list
 
13:34:26 **** Incremental Build of configuration Debug for project namename ****
make -j4 all 
arm-none-eabi-gcc "../Core/Src/main.c" -mcpu=cortex-m4 -std=gnu11 -g3 -DDEBUG -DUSE_HAL_DRIVER -DSTM32F303xC -c -I../Core/Inc -I../Drivers/STM32F3xx_HAL_Driver/Inc -I../Drivers/STM32F3xx_HAL_Driver/Inc/Legacy -I../Drivers/CMSIS/Device/ST/STM32F3xx/Include -I../Drivers/CMSIS/Include -O0 -ffunction-sections -fdata-sections -Wall -fstack-usage -fcyclomatic-complexity -MMD -MP -MF"Core/Src/main.d" -MT"Core/Src/main.o" --specs=nano.specs -mfpu=fpv4-sp-d16 -mfloat-abi=hard -mthumb -o "Core/Src/main.o"
arm-none-eabi-gcc -o "namename.elf" @"objects.list"   -mcpu=cortex-m4 -T"C:\Users\green\STM32CubeIDE\workspace_1.13.1\namename\STM32F303VCTX_FLASH.ld" --specs=nosys.specs -Wl,-Map="namename.map" -Wl,--gc-sections -static --specs=nano.specs -mfpu=fpv4-sp-d16 -mfloat-abi=hard -mthumb -Wl,--start-group -lc -lm -Wl,--end-group
Finished building target: namename.elf
 
arm-none-eabi-size   namename.elf 
arm-none-eabi-objdump -h -S  namename.elf  > "namename.list"
   text	   data	    bss	    dec	    hex	filename
    816	     12	   1572	   2400	    960	namename.elf
Finished building: default.size.stdout
 
Finished building: namename.list
 
13:36:07 **** Incremental Build of configuration Debug for project namename ****
make -j4 all 
arm-none-eabi-gcc "../Core/Src/main.c" -mcpu=cortex-m4 -std=gnu11 -g3 -DDEBUG -DUSE_HAL_DRIVER -DSTM32F303xC -c -I../Core/Inc -I../Drivers/STM32F3xx_HAL_Driver/Inc -I../Drivers/STM32F3xx_HAL_Driver/Inc/Legacy -I../Drivers/CMSIS/Device/ST/STM32F3xx/Include -I../Drivers/CMSIS/Include -O0 -ffunction-sections -fdata-sections -Wall -fstack-usage -fcyclomatic-complexity -MMD -MP -MF"Core/Src/main.d" -MT"Core/Src/main.o" --specs=nano.specs -mfpu=fpv4-sp-d16 -mfloat-abi=hard -mthumb -o "Core/Src/main.o"
../Core/Src/main.c: In function 'main':
../Core/Src/main.c:8:9: error: expected ';' before 'while'
    8 |         while(1){
      |         ^~~~~
make: *** [Core/Src/subdir.mk:34: Core/Src/main.o] Error 1
"make -j4 all" terminated with exit code 2. Build might be incomplete.
13:38:05 **** Incremental Build of configuration Debug for project namename ****
make -j4 all 
arm-none-eabi-gcc "../Core/Src/main.c" -mcpu=cortex-m4 -std=gnu11 -g3 -DDEBUG -DUSE_HAL_DRIVER -DSTM32F303xC -c -I../Core/Inc -I../Drivers/STM32F3xx_HAL_Driver/Inc -I../Drivers/STM32F3xx_HAL_Driver/Inc/Legacy -I../Drivers/CMSIS/Device/ST/STM32F3xx/Include -I../Drivers/CMSIS/Include -O0 -ffunction-sections -fdata-sections -Wall -fstack-usage -fcyclomatic-complexity -MMD -MP -MF"Core/Src/main.d" -MT"Core/Src/main.o" --specs=nano.specs -mfpu=fpv4-sp-d16 -mfloat-abi=hard -mthumb -o "Core/Src/main.o"
arm-none-eabi-gcc -o "namename.elf" @"objects.list"   -mcpu=cortex-m4 -T"C:\Users\green\STM32CubeIDE\workspace_1.13.1\namename\STM32F303VCTX_FLASH.ld" --specs=nosys.specs -Wl,-Map="namename.map" -Wl,--gc-sections -static --specs=nano.specs -mfpu=fpv4-sp-d16 -mfloat-abi=hard -mthumb -Wl,--start-group -lc -lm -Wl,--end-group
Finished building target: namename.elf
 
arm-none-eabi-size   namename.elf 
arm-none-eabi-objdump -h -S  namename.elf  > "namename.list"
   text	   data	    bss	    dec	    hex	filename
    844	     12	   1572	   2428	    97c	namename.elf
Finished building: default.size.stdout
 
Finished building: namename.list
 
13:40:09 **** Incremental Build of configuration Debug for project namename ****
make -j4 all 
arm-none-eabi-gcc "../Core/Src/main.c" -mcpu=cortex-m4 -std=gnu11 -g3 -DDEBUG -DUSE_HAL_DRIVER -DSTM32F303xC -c -I../Core/Inc -I../Drivers/STM32F3xx_HAL_Driver/Inc -I../Drivers/STM32F3xx_HAL_Driver/Inc/Legacy -I../Drivers/CMSIS/Device/ST/STM32F3xx/Include -I../Drivers/CMSIS/Include -O0 -ffunction-sections -fdata-sections -Wall -fstack-usage -fcyclomatic-complexity -MMD -MP -MF"Core/Src/main.d" -MT"Core/Src/main.o" --specs=nano.specs -mfpu=fpv4-sp-d16 -mfloat-abi=hard -mthumb -o "Core/Src/main.o"
arm-none-eabi-gcc -o "namename.elf" @"objects.list"   -mcpu=cortex-m4 -T"C:\Users\green\STM32CubeIDE\workspace_1.13.1\namename\STM32F303VCTX_FLASH.ld" --specs=nosys.specs -Wl,-Map="namename.map" -Wl,--gc-sections -static --specs=nano.specs -mfpu=fpv4-sp-d16 -mfloat-abi=hard -mthumb -Wl,--start-group -lc -lm -Wl,--end-group
Finished building target: namename.elf
 
arm-none-eabi-size   namename.elf 
arm-none-eabi-objdump -h -S  namename.elf  > "namename.list"
   text	   data	    bss	    dec	    hex	filename
    856	     12	   1572	   2440	    988	namename.elf
Finished building: default.size.stdout
 
Finished building: namename.list
 
13:41:22 **** Incremental Build of configuration Debug for project namename ****
make -j4 all 
arm-none-eabi-gcc "../Core/Src/main.c" -mcpu=cortex-m4 -std=gnu11 -g3 -DDEBUG -DUSE_HAL_DRIVER -DSTM32F303xC -c -I../Core/Inc -I../Drivers/STM32F3xx_HAL_Driver/Inc -I../Drivers/STM32F3xx_HAL_Driver/Inc/Legacy -I../Drivers/CMSIS/Device/ST/STM32F3xx/Include -I../Drivers/CMSIS/Include -O0 -ffunction-sections -fdata-sections -Wall -fstack-usage -fcyclomatic-complexity -MMD -MP -MF"Core/Src/main.d" -MT"Core/Src/main.o" --specs=nano.specs -mfpu=fpv4-sp-d16 -mfloat-abi=hard -mthumb -o "Core/Src/main.o"
arm-none-eabi-gcc -o "namename.elf" @"objects.list"   -mcpu=cortex-m4 -T"C:\Users\green\STM32CubeIDE\workspace_1.13.1\namename\STM32F303VCTX_FLASH.ld" --specs=nosys.specs -Wl,-Map="namename.map" -Wl,--gc-sections -static --specs=nano.specs -mfpu=fpv4-sp-d16 -mfloat-abi=hard -mthumb -Wl,--start-group -lc -lm -Wl,--end-group
Finished building target: namename.elf
 
arm-none-eabi-size   namename.elf 
arm-none-eabi-objdump -h -S  namename.elf  > "namename.list"
   text	   data	    bss	    dec	    hex	filename
    860	     12	   1572	   2444	    98c	namename.elf
Finished building: default.size.stdout
 
Finished building: namename.list
 
13:43:19 **** Incremental Build of configuration Debug for project namename ****
make -j4 all 
arm-none-eabi-gcc "../Core/Src/main.c" -mcpu=cortex-m4 -std=gnu11 -g3 -DDEBUG -DUSE_HAL_DRIVER -DSTM32F303xC -c -I../Core/Inc -I../Drivers/STM32F3xx_HAL_Driver/Inc -I../Drivers/STM32F3xx_HAL_Driver/Inc/Legacy -I../Drivers/CMSIS/Device/ST/STM32F3xx/Include -I../Drivers/CMSIS/Include -O0 -ffunction-sections -fdata-sections -Wall -fstack-usage -fcyclomatic-complexity -MMD -MP -MF"Core/Src/main.d" -MT"Core/Src/main.o" --specs=nano.specs -mfpu=fpv4-sp-d16 -mfloat-abi=hard -mthumb -o "Core/Src/main.o"
arm-none-eabi-gcc -o "namename.elf" @"objects.list"   -mcpu=cortex-m4 -T"C:\Users\green\STM32CubeIDE\workspace_1.13.1\namename\STM32F303VCTX_FLASH.ld" --specs=nosys.specs -Wl,-Map="namename.map" -Wl,--gc-sections -static --specs=nano.specs -mfpu=fpv4-sp-d16 -mfloat-abi=hard -mthumb -Wl,--start-group -lc -lm -Wl,--end-group
Finished building target: namename.elf
 
arm-none-eabi-size   namename.elf 
arm-none-eabi-objdump -h -S  namename.elf  > "namename.list"
   text	   data	    bss	    dec	    hex	filename
    860	     12	   1572	   2444	    98c	namename.elf
Finished building: default.size.stdout
 
Finished building: namename.list
 
13:43:55 **** Incremental Build of configuration Debug for project namename ****
make -j4 all 
arm-none-eabi-gcc "../Core/Src/main.c" -mcpu=cortex-m4 -std=gnu11 -g3 -DDEBUG -DUSE_HAL_DRIVER -DSTM32F303xC -c -I../Core/Inc -I../Drivers/STM32F3xx_HAL_Driver/Inc -I../Drivers/STM32F3xx_HAL_Driver/Inc/Legacy -I../Drivers/CMSIS/Device/ST/STM32F3xx/Include -I../Drivers/CMSIS/Include -O0 -ffunction-sections -fdata-sections -Wall -fstack-usage -fcyclomatic-complexity -MMD -MP -MF"Core/Src/main.d" -MT"Core/Src/main.o" --specs=nano.specs -mfpu=fpv4-sp-d16 -mfloat-abi=hard -mthumb -o "Core/Src/main.o"
arm-none-eabi-gcc -o "namename.elf" @"objects.list"   -mcpu=cortex-m4 -T"C:\Users\green\STM32CubeIDE\workspace_1.13.1\namename\STM32F303VCTX_FLASH.ld" --specs=nosys.specs -Wl,-Map="namename.map" -Wl,--gc-sections -static --specs=nano.specs -mfpu=fpv4-sp-d16 -mfloat-abi=hard -mthumb -Wl,--start-group -lc -lm -Wl,--end-group
Finished building target: namename.elf
 
arm-none-eabi-size   namename.elf 
arm-none-eabi-objdump -h -S  namename.elf  > "namename.list"
   text	   data	    bss	    dec	    hex	filename
    860	     12	   1572	   2444	    98c	namename.elf
Finished building: default.size.stdout
 
Finished building: namename.list
 
12:12:42 **** Incremental Build of configuration Debug for project namename ****
make -j4 all 
arm-none-eabi-size   namename.elf 
   text	   data	    bss	    dec	    hex	filename
    860	     12	   1572	   2444	    98c	namename.elf
Finished building: default.size.stdout
 
12:13:36 **** Incremental Build of configuration Debug for project namename ****
make -j4 all 
arm-none-eabi-size   namename.elf 
   text	   data	    bss	    dec	    hex	filename
    860	     12	   1572	   2444	    98c	namename.elf
Finished building: default.size.stdout
 
12:24:41 **** Incremental Build of configuration Debug for project namename ****
make -j4 all 
arm-none-eabi-gcc "../Core/Src/main.c" -mcpu=cortex-m4 -std=gnu11 -g3 -DDEBUG -DUSE_HAL_DRIVER -DSTM32F303xC -c -I../Core/Inc -I../Drivers/STM32F3xx_HAL_Driver/Inc -I../Drivers/STM32F3xx_HAL_Driver/Inc/Legacy -I../Drivers/CMSIS/Device/ST/STM32F3xx/Include -I../Drivers/CMSIS/Include -O0 -ffunction-sections -fdata-sections -Wall -fstack-usage -fcyclomatic-complexity -MMD -MP -MF"Core/Src/main.d" -MT"Core/Src/main.o" --specs=nano.specs -mfpu=fpv4-sp-d16 -mfloat-abi=hard -mthumb -o "Core/Src/main.o"
../Core/Src/main.c: In function 'main':
../Core/Src/main.c:46:3: error: expected expression before '/' token
   46 |  */
      |   ^
../Core/Src/main.c:46:3: error: expected declaration or statement at end of input
make: *** [Core/Src/subdir.mk:34: Core/Src/main.o] Error 1
"make -j4 all" terminated with exit code 2. Build might be incomplete.
12:25:05 **** Incremental Build of configuration Debug for project namename ****
make -j4 all 
arm-none-eabi-gcc "../Core/Src/main.c" -mcpu=cortex-m4 -std=gnu11 -g3 -DDEBUG -DUSE_HAL_DRIVER -DSTM32F303xC -c -I../Core/Inc -I../Drivers/STM32F3xx_HAL_Driver/Inc -I../Drivers/STM32F3xx_HAL_Driver/Inc/Legacy -I../Drivers/CMSIS/Device/ST/STM32F3xx/Include -I../Drivers/CMSIS/Include -O0 -ffunction-sections -fdata-sections -Wall -fstack-usage -fcyclomatic-complexity -MMD -MP -MF"Core/Src/main.d" -MT"Core/Src/main.o" --specs=nano.specs -mfpu=fpv4-sp-d16 -mfloat-abi=hard -mthumb -o "Core/Src/main.o"
../Core/Src/main.c: In function 'main':
../Core/Src/main.c:22:1: error: expected declaration or statement at end of input
   22 | }
      | ^
make: *** [Core/Src/subdir.mk:34: Core/Src/main.o] Error 1
"make -j4 all" terminated with exit code 2. Build might be incomplete.
12:44:02 **** Incremental Build of configuration Debug for project namename ****
make -j4 all 
arm-none-eabi-gcc "../Core/Src/main.c" -mcpu=cortex-m4 -std=gnu11 -g3 -DDEBUG -DUSE_HAL_DRIVER -DSTM32F303xC -c -I../Core/Inc -I../Drivers/STM32F3xx_HAL_Driver/Inc -I../Drivers/STM32F3xx_HAL_Driver/Inc/Legacy -I../Drivers/CMSIS/Device/ST/STM32F3xx/Include -I../Drivers/CMSIS/Include -O0 -ffunction-sections -fdata-sections -Wall -fstack-usage -fcyclomatic-complexity -MMD -MP -MF"Core/Src/main.d" -MT"Core/Src/main.o" --specs=nano.specs -mfpu=fpv4-sp-d16 -mfloat-abi=hard -mthumb -o "Core/Src/main.o"
arm-none-eabi-gcc -o "namename.elf" @"objects.list"   -mcpu=cortex-m4 -T"C:\Users\green\STM32CubeIDE\workspace_1.13.1\namename\STM32F303VCTX_FLASH.ld" --specs=nosys.specs -Wl,-Map="namename.map" -Wl,--gc-sections -static --specs=nano.specs -mfpu=fpv4-sp-d16 -mfloat-abi=hard -mthumb -Wl,--start-group -lc -lm -Wl,--end-group
Finished building target: namename.elf
 
arm-none-eabi-size   namename.elf 
arm-none-eabi-objdump -h -S  namename.elf  > "namename.list"
   text	   data	    bss	    dec	    hex	filename
   1000	     12	   1572	   2584	    a18	namename.elf
Finished building: default.size.stdout
 
Finished building: namename.list
 
12:57:06 **** Incremental Build of configuration Debug for project namename ****
make -j4 all 
arm-none-eabi-gcc "../Core/Src/main.c" -mcpu=cortex-m4 -std=gnu11 -g3 -DDEBUG -DUSE_HAL_DRIVER -DSTM32F303xC -c -I../Core/Inc -I../Drivers/STM32F3xx_HAL_Driver/Inc -I../Drivers/STM32F3xx_HAL_Driver/Inc/Legacy -I../Drivers/CMSIS/Device/ST/STM32F3xx/Include -I../Drivers/CMSIS/Include -O0 -ffunction-sections -fdata-sections -Wall -fstack-usage -fcyclomatic-complexity -MMD -MP -MF"Core/Src/main.d" -MT"Core/Src/main.o" --specs=nano.specs -mfpu=fpv4-sp-d16 -mfloat-abi=hard -mthumb -o "Core/Src/main.o"
../Core/Src/main.c: In function 'main':
../Core/Src/main.c:19:23: error: 'IDR' undeclared (first use in this function)
   19 |                    if(IDR == 1){
      |                       ^~~
../Core/Src/main.c:19:23: note: each undeclared identifier is reported only once for each function it appears in
In file included from ../Drivers/CMSIS/Device/ST/STM32F3xx/Include/stm32f3xx.h:135,
                 from ../Drivers/STM32F3xx_HAL_Driver/Inc/stm32f3xx_hal_def.h:29,
                 from ../Drivers/STM32F3xx_HAL_Driver/Inc/stm32f3xx_hal_rcc.h:27,
                 from ../Core/Inc/stm32f3xx_hal_conf.h:199,
                 from ../Drivers/STM32F3xx_HAL_Driver/Inc/stm32f3xx_hal.h:29,
                 from ../Core/Inc/main.h:30,
                 from ../Core/Src/main.c:1:
../Core/Src/main.c: At top level:
../Drivers/CMSIS/Device/ST/STM32F3xx/Include/stm32f303xc.h:881:31: error: expected identifier or '(' before 'GPIO_TypeDef'
  881 | #define GPIOE               ((GPIO_TypeDef *) GPIOE_BASE)
      |                               ^~~~~~~~~~~~
../Core/Src/main.c:32:1: note: in expansion of macro 'GPIOE'
   32 | GPIOE -> BSRR|= 1<<8;
      | ^~~~~
../Drivers/CMSIS/Device/ST/STM32F3xx/Include/stm32f303xc.h:790:31: error: expected ')' before '(' token
  790 | #define GPIOE_BASE            (AHB2PERIPH_BASE + 0x00001000UL)
      |                               ^
../Drivers/CMSIS/Device/ST/STM32F3xx/Include/stm32f303xc.h:881:47: note: in expansion of macro 'GPIOE_BASE'
  881 | #define GPIOE               ((GPIO_TypeDef *) GPIOE_BASE)
      |                                               ^~~~~~~~~~
../Core/Src/main.c:32:1: note: in expansion of macro 'GPIOE'
   32 | GPIOE -> BSRR|= 1<<8;
      | ^~~~~
make: *** [Core/Src/subdir.mk:34: Core/Src/main.o] Error 1
"make -j4 all" terminated with exit code 2. Build might be incomplete.
13:15:45 **** Incremental Build of configuration Debug for project namename ****
make -j4 all 
arm-none-eabi-gcc "../Core/Src/main.c" -mcpu=cortex-m4 -std=gnu11 -g3 -DDEBUG -DUSE_HAL_DRIVER -DSTM32F303xC -c -I../Core/Inc -I../Drivers/STM32F3xx_HAL_Driver/Inc -I../Drivers/STM32F3xx_HAL_Driver/Inc/Legacy -I../Drivers/CMSIS/Device/ST/STM32F3xx/Include -I../Drivers/CMSIS/Include -O0 -ffunction-sections -fdata-sections -Wall -fstack-usage -fcyclomatic-complexity -MMD -MP -MF"Core/Src/main.d" -MT"Core/Src/main.o" --specs=nano.specs -mfpu=fpv4-sp-d16 -mfloat-abi=hard -mthumb -o "Core/Src/main.o"
arm-none-eabi-gcc -o "namename.elf" @"objects.list"   -mcpu=cortex-m4 -T"C:\Users\green\STM32CubeIDE\workspace_1.13.1\namename\STM32F303VCTX_FLASH.ld" --specs=nosys.specs -Wl,-Map="namename.map" -Wl,--gc-sections -static --specs=nano.specs -mfpu=fpv4-sp-d16 -mfloat-abi=hard -mthumb -Wl,--start-group -lc -lm -Wl,--end-group
Finished building target: namename.elf
 
arm-none-eabi-size   namename.elf 
arm-none-eabi-objdump -h -S  namename.elf  > "namename.list"
   text	   data	    bss	    dec	    hex	filename
    944	     12	   1572	   2528	    9e0	namename.elf
Finished building: default.size.stdout
 
Finished building: namename.list
 
13:22:41 **** Incremental Build of configuration Debug for project namename ****
make -j4 all 
arm-none-eabi-gcc "../Core/Src/main.c" -mcpu=cortex-m4 -std=gnu11 -g3 -DDEBUG -DUSE_HAL_DRIVER -DSTM32F303xC -c -I../Core/Inc -I../Drivers/STM32F3xx_HAL_Driver/Inc -I../Drivers/STM32F3xx_HAL_Driver/Inc/Legacy -I../Drivers/CMSIS/Device/ST/STM32F3xx/Include -I../Drivers/CMSIS/Include -O0 -ffunction-sections -fdata-sections -Wall -fstack-usage -fcyclomatic-complexity -MMD -MP -MF"Core/Src/main.d" -MT"Core/Src/main.o" --specs=nano.specs -mfpu=fpv4-sp-d16 -mfloat-abi=hard -mthumb -o "Core/Src/main.o"
arm-none-eabi-gcc -o "namename.elf" @"objects.list"   -mcpu=cortex-m4 -T"C:\Users\green\STM32CubeIDE\workspace_1.13.1\namename\STM32F303VCTX_FLASH.ld" --specs=nosys.specs -Wl,-Map="namename.map" -Wl,--gc-sections -static --specs=nano.specs -mfpu=fpv4-sp-d16 -mfloat-abi=hard -mthumb -Wl,--start-group -lc -lm -Wl,--end-group
Finished building target: namename.elf
 
arm-none-eabi-size   namename.elf 
arm-none-eabi-objdump -h -S  namename.elf  > "namename.list"
   text	   data	    bss	    dec	    hex	filename
   1000	     12	   1572	   2584	    a18	namename.elf
Finished building: default.size.stdout
 
Finished building: namename.list
 
13:25:06 **** Incremental Build of configuration Debug for project namename ****
make -j4 all 
arm-none-eabi-gcc "../Core/Src/main.c" -mcpu=cortex-m4 -std=gnu11 -g3 -DDEBUG -DUSE_HAL_DRIVER -DSTM32F303xC -c -I../Core/Inc -I../Drivers/STM32F3xx_HAL_Driver/Inc -I../Drivers/STM32F3xx_HAL_Driver/Inc/Legacy -I../Drivers/CMSIS/Device/ST/STM32F3xx/Include -I../Drivers/CMSIS/Include -O0 -ffunction-sections -fdata-sections -Wall -fstack-usage -fcyclomatic-complexity -MMD -MP -MF"Core/Src/main.d" -MT"Core/Src/main.o" --specs=nano.specs -mfpu=fpv4-sp-d16 -mfloat-abi=hard -mthumb -o "Core/Src/main.o"
arm-none-eabi-gcc -o "namename.elf" @"objects.list"   -mcpu=cortex-m4 -T"C:\Users\green\STM32CubeIDE\workspace_1.13.1\namename\STM32F303VCTX_FLASH.ld" --specs=nosys.specs -Wl,-Map="namename.map" -Wl,--gc-sections -static --specs=nano.specs -mfpu=fpv4-sp-d16 -mfloat-abi=hard -mthumb -Wl,--start-group -lc -lm -Wl,--end-group
Finished building target: namename.elf
 
arm-none-eabi-size   namename.elf 
arm-none-eabi-objdump -h -S  namename.elf  > "namename.list"
   text	   data	    bss	    dec	    hex	filename
   1000	     12	   1572	   2584	    a18	namename.elf
Finished building: default.size.stdout
 
Finished building: namename.list
 
13:29:53 **** Incremental Build of configuration Debug for project namename ****
make -j4 all 
arm-none-eabi-gcc "../Core/Src/main.c" -mcpu=cortex-m4 -std=gnu11 -g3 -DDEBUG -DUSE_HAL_DRIVER -DSTM32F303xC -c -I../Core/Inc -I../Drivers/STM32F3xx_HAL_Driver/Inc -I../Drivers/STM32F3xx_HAL_Driver/Inc/Legacy -I../Drivers/CMSIS/Device/ST/STM32F3xx/Include -I../Drivers/CMSIS/Include -O0 -ffunction-sections -fdata-sections -Wall -fstack-usage -fcyclomatic-complexity -MMD -MP -MF"Core/Src/main.d" -MT"Core/Src/main.o" --specs=nano.specs -mfpu=fpv4-sp-d16 -mfloat-abi=hard -mthumb -o "Core/Src/main.o"
arm-none-eabi-gcc -o "namename.elf" @"objects.list"   -mcpu=cortex-m4 -T"C:\Users\green\STM32CubeIDE\workspace_1.13.1\namename\STM32F303VCTX_FLASH.ld" --specs=nosys.specs -Wl,-Map="namename.map" -Wl,--gc-sections -static --specs=nano.specs -mfpu=fpv4-sp-d16 -mfloat-abi=hard -mthumb -Wl,--start-group -lc -lm -Wl,--end-group
Finished building target: namename.elf
 
arm-none-eabi-size   namename.elf 
arm-none-eabi-objdump -h -S  namename.elf  > "namename.list"
   text	   data	    bss	    dec	    hex	filename
   2356	     20	   1572	   3948	    f6c	namename.elf
Finished building: default.size.stdout
 
Finished building: namename.list
 
12:32:13 **** Build of configuration Debug for project namename ****
make -j4 all 
arm-none-eabi-gcc "../Core/Src/main.c" -mcpu=cortex-m4 -std=gnu11 -g3 -DDEBUG -DUSE_HAL_DRIVER -DSTM32F303xC -c -I../Core/Inc -I../Drivers/STM32F3xx_HAL_Driver/Inc -I../Drivers/STM32F3xx_HAL_Driver/Inc/Legacy -I../Drivers/CMSIS/Device/ST/STM32F3xx/Include -I../Drivers/CMSIS/Include -O0 -ffunction-sections -fdata-sections -Wall -fstack-usage -fcyclomatic-complexity -MMD -MP -MF"Core/Src/main.d" -MT"Core/Src/main.o" --specs=nano.specs -mfpu=fpv4-sp-d16 -mfloat-abi=hard -mthumb -o "Core/Src/main.o"
../Core/Src/main.c: In function 'main':
../Core/Src/main.c:13:3: warning: implicit declaration of function 'SystemClock_Config'; did you mean 'SysTick_Config'? [-Wimplicit-function-declaration]
   13 |   SystemClock_Config();
      |   ^~~~~~~~~~~~~~~~~~
      |   SysTick_Config
../Core/Src/main.c:16:3: warning: implicit declaration of function 'BSP_LED_Init' [-Wimplicit-function-declaration]
   16 |   BSP_LED_Init(LED3);
      |   ^~~~~~~~~~~~
../Core/Src/main.c:16:16: error: 'LED3' undeclared (first use in this function)
   16 |   BSP_LED_Init(LED3);
      |                ^~~~
../Core/Src/main.c:16:16: note: each undeclared identifier is reported only once for each function it appears in
../Core/Src/main.c:17:16: error: 'LED4' undeclared (first use in this function)
   17 |   BSP_LED_Init(LED4);
      |                ^~~~
../Core/Src/main.c:18:16: error: 'LED5' undeclared (first use in this function)
   18 |   BSP_LED_Init(LED5);
      |                ^~~~
../Core/Src/main.c:19:16: error: 'LED6' undeclared (first use in this function)
   19 |   BSP_LED_Init(LED6);
      |                ^~~~
../Core/Src/main.c:22:3: warning: implicit declaration of function 'BSP_LED_On' [-Wimplicit-function-declaration]
   22 |   BSP_LED_On(LED3);
      |   ^~~~~~~~~~
make: *** [Core/Src/subdir.mk:34: Core/Src/main.o] Error 1
"make -j4 all" terminated with exit code 2. Build might be incomplete.
12:41:54 **** Incremental Build of configuration Debug for project namename ****
make -j4 all 
arm-none-eabi-gcc "../Core/Src/main.c" -mcpu=cortex-m4 -std=gnu11 -g3 -DDEBUG -DUSE_HAL_DRIVER -DSTM32F303xC -c -I../Core/Inc -I../Drivers/STM32F3xx_HAL_Driver/Inc -I../Drivers/STM32F3xx_HAL_Driver/Inc/Legacy -I../Drivers/CMSIS/Device/ST/STM32F3xx/Include -I../Drivers/CMSIS/Include -O0 -ffunction-sections -fdata-sections -Wall -fstack-usage -fcyclomatic-complexity -MMD -MP -MF"Core/Src/main.d" -MT"Core/Src/main.o" --specs=nano.specs -mfpu=fpv4-sp-d16 -mfloat-abi=hard -mthumb -o "Core/Src/main.o"
arm-none-eabi-gcc -o "namename.elf" @"objects.list"   -mcpu=cortex-m4 -T"C:\Users\green\STM32CubeIDE\workspace_1.13.1\namename\STM32F303VCTX_FLASH.ld" --specs=nosys.specs -Wl,-Map="namename.map" -Wl,--gc-sections -static --specs=nano.specs -mfpu=fpv4-sp-d16 -mfloat-abi=hard -mthumb -Wl,--start-group -lc -lm -Wl,--end-group
Finished building target: namename.elf
 
arm-none-eabi-size   namename.elf 
arm-none-eabi-objdump -h -S  namename.elf  > "namename.list"
   text	   data	    bss	    dec	    hex	filename
    932	     12	   1572	   2516	    9d4	namename.elf
Finished building: default.size.stdout
 
Finished building: namename.list
 
13:03:01 **** Incremental Build of configuration Debug for project namename ****
make -j4 all 
arm-none-eabi-gcc "../Core/Src/main.c" -mcpu=cortex-m4 -std=gnu11 -g3 -DDEBUG -DUSE_HAL_DRIVER -DSTM32F303xC -c -I../Core/Inc -I../Drivers/STM32F3xx_HAL_Driver/Inc -I../Drivers/STM32F3xx_HAL_Driver/Inc/Legacy -I../Drivers/CMSIS/Device/ST/STM32F3xx/Include -I../Drivers/CMSIS/Include -O0 -ffunction-sections -fdata-sections -Wall -fstack-usage -fcyclomatic-complexity -MMD -MP -MF"Core/Src/main.d" -MT"Core/Src/main.o" --specs=nano.specs -mfpu=fpv4-sp-d16 -mfloat-abi=hard -mthumb -o "Core/Src/main.o"
arm-none-eabi-gcc -o "namename.elf" @"objects.list"   -mcpu=cortex-m4 -T"C:\Users\green\STM32CubeIDE\workspace_1.13.1\namename\STM32F303VCTX_FLASH.ld" --specs=nosys.specs -Wl,-Map="namename.map" -Wl,--gc-sections -static --specs=nano.specs -mfpu=fpv4-sp-d16 -mfloat-abi=hard -mthumb -Wl,--start-group -lc -lm -Wl,--end-group
Finished building target: namename.elf
 
arm-none-eabi-size   namename.elf 
arm-none-eabi-objdump -h -S  namename.elf  > "namename.list"
   text	   data	    bss	    dec	    hex	filename
   1044	     12	   1572	   2628	    a44	namename.elf
Finished building: default.size.stdout
 
Finished building: namename.list
 
13:04:50 **** Incremental Build of configuration Debug for project namename ****
make -j4 all 
arm-none-eabi-gcc "../Core/Src/main.c" -mcpu=cortex-m4 -std=gnu11 -g3 -DDEBUG -DUSE_HAL_DRIVER -DSTM32F303xC -c -I../Core/Inc -I../Drivers/STM32F3xx_HAL_Driver/Inc -I../Drivers/STM32F3xx_HAL_Driver/Inc/Legacy -I../Drivers/CMSIS/Device/ST/STM32F3xx/Include -I../Drivers/CMSIS/Include -O0 -ffunction-sections -fdata-sections -Wall -fstack-usage -fcyclomatic-complexity -MMD -MP -MF"Core/Src/main.d" -MT"Core/Src/main.o" --specs=nano.specs -mfpu=fpv4-sp-d16 -mfloat-abi=hard -mthumb -o "Core/Src/main.o"
arm-none-eabi-gcc -o "namename.elf" @"objects.list"   -mcpu=cortex-m4 -T"C:\Users\green\STM32CubeIDE\workspace_1.13.1\namename\STM32F303VCTX_FLASH.ld" --specs=nosys.specs -Wl,-Map="namename.map" -Wl,--gc-sections -static --specs=nano.specs -mfpu=fpv4-sp-d16 -mfloat-abi=hard -mthumb -Wl,--start-group -lc -lm -Wl,--end-group
Finished building target: namename.elf
 
arm-none-eabi-size   namename.elf 
arm-none-eabi-objdump -h -S  namename.elf  > "namename.list"
   text	   data	    bss	    dec	    hex	filename
   1044	     12	   1572	   2628	    a44	namename.elf
Finished building: default.size.stdout
 
Finished building: namename.list
 
13:07:44 **** Incremental Build of configuration Debug for project namename ****
make -j4 all 
arm-none-eabi-gcc "../Core/Src/main.c" -mcpu=cortex-m4 -std=gnu11 -g3 -DDEBUG -DUSE_HAL_DRIVER -DSTM32F303xC -c -I../Core/Inc -I../Drivers/STM32F3xx_HAL_Driver/Inc -I../Drivers/STM32F3xx_HAL_Driver/Inc/Legacy -I../Drivers/CMSIS/Device/ST/STM32F3xx/Include -I../Drivers/CMSIS/Include -O0 -ffunction-sections -fdata-sections -Wall -fstack-usage -fcyclomatic-complexity -MMD -MP -MF"Core/Src/main.d" -MT"Core/Src/main.o" --specs=nano.specs -mfpu=fpv4-sp-d16 -mfloat-abi=hard -mthumb -o "Core/Src/main.o"
arm-none-eabi-gcc -o "namename.elf" @"objects.list"   -mcpu=cortex-m4 -T"C:\Users\green\STM32CubeIDE\workspace_1.13.1\namename\STM32F303VCTX_FLASH.ld" --specs=nosys.specs -Wl,-Map="namename.map" -Wl,--gc-sections -static --specs=nano.specs -mfpu=fpv4-sp-d16 -mfloat-abi=hard -mthumb -Wl,--start-group -lc -lm -Wl,--end-group
Finished building target: namename.elf
 
arm-none-eabi-size   namename.elf 
arm-none-eabi-objdump -h -S  namename.elf  > "namename.list"
   text	   data	    bss	    dec	    hex	filename
   1092	     12	   1572	   2676	    a74	namename.elf
Finished building: default.size.stdout
 
Finished building: namename.list
 
13:09:14 **** Incremental Build of configuration Debug for project namename ****
make -j4 all 
arm-none-eabi-gcc "../Core/Src/main.c" -mcpu=cortex-m4 -std=gnu11 -g3 -DDEBUG -DUSE_HAL_DRIVER -DSTM32F303xC -c -I../Core/Inc -I../Drivers/STM32F3xx_HAL_Driver/Inc -I../Drivers/STM32F3xx_HAL_Driver/Inc/Legacy -I../Drivers/CMSIS/Device/ST/STM32F3xx/Include -I../Drivers/CMSIS/Include -O0 -ffunction-sections -fdata-sections -Wall -fstack-usage -fcyclomatic-complexity -MMD -MP -MF"Core/Src/main.d" -MT"Core/Src/main.o" --specs=nano.specs -mfpu=fpv4-sp-d16 -mfloat-abi=hard -mthumb -o "Core/Src/main.o"
arm-none-eabi-gcc -o "namename.elf" @"objects.list"   -mcpu=cortex-m4 -T"C:\Users\green\STM32CubeIDE\workspace_1.13.1\namename\STM32F303VCTX_FLASH.ld" --specs=nosys.specs -Wl,-Map="namename.map" -Wl,--gc-sections -static --specs=nano.specs -mfpu=fpv4-sp-d16 -mfloat-abi=hard -mthumb -Wl,--start-group -lc -lm -Wl,--end-group
Finished building target: namename.elf
 
arm-none-eabi-size   namename.elf 
arm-none-eabi-objdump -h -S  namename.elf  > "namename.list"
   text	   data	    bss	    dec	    hex	filename
   1140	     12	   1572	   2724	    aa4	namename.elf
Finished building: default.size.stdout
 
Finished building: namename.list
 
13:10:40 **** Incremental Build of configuration Debug for project namename ****
make -j4 all 
arm-none-eabi-gcc "../Core/Src/main.c" -mcpu=cortex-m4 -std=gnu11 -g3 -DDEBUG -DUSE_HAL_DRIVER -DSTM32F303xC -c -I../Core/Inc -I../Drivers/STM32F3xx_HAL_Driver/Inc -I../Drivers/STM32F3xx_HAL_Driver/Inc/Legacy -I../Drivers/CMSIS/Device/ST/STM32F3xx/Include -I../Drivers/CMSIS/Include -O0 -ffunction-sections -fdata-sections -Wall -fstack-usage -fcyclomatic-complexity -MMD -MP -MF"Core/Src/main.d" -MT"Core/Src/main.o" --specs=nano.specs -mfpu=fpv4-sp-d16 -mfloat-abi=hard -mthumb -o "Core/Src/main.o"
arm-none-eabi-gcc -o "namename.elf" @"objects.list"   -mcpu=cortex-m4 -T"C:\Users\green\STM32CubeIDE\workspace_1.13.1\namename\STM32F303VCTX_FLASH.ld" --specs=nosys.specs -Wl,-Map="namename.map" -Wl,--gc-sections -static --specs=nano.specs -mfpu=fpv4-sp-d16 -mfloat-abi=hard -mthumb -Wl,--start-group -lc -lm -Wl,--end-group
Finished building target: namename.elf
 
arm-none-eabi-size   namename.elf 
arm-none-eabi-objdump -h -S  namename.elf  > "namename.list"
   text	   data	    bss	    dec	    hex	filename
   1236	     12	   1572	   2820	    b04	namename.elf
Finished building: default.size.stdout
 
Finished building: namename.list
 
13:24:00 **** Incremental Build of configuration Debug for project namename ****
make -j4 all 
arm-none-eabi-size   namename.elf 
   text	   data	    bss	    dec	    hex	filename
   1236	     12	   1572	   2820	    b04	namename.elf
Finished building: default.size.stdout
 
12:18:55 **** Build of configuration Debug for project namename ****
make -j4 all 
arm-none-eabi-size   namename.elf 
   text	   data	    bss	    dec	    hex	filename
   1236	     12	   1572	   2820	    b04	namename.elf
Finished building: default.size.stdout
 
12:37:57 **** Incremental Build of configuration Debug for project namename ****
make -j4 all 
arm-none-eabi-gcc "../Core/Src/main.c" -mcpu=cortex-m4 -std=gnu11 -g3 -DDEBUG -DUSE_HAL_DRIVER -DSTM32F303xC -c -I../Core/Inc -I../Drivers/STM32F3xx_HAL_Driver/Inc -I../Drivers/STM32F3xx_HAL_Driver/Inc/Legacy -I../Drivers/CMSIS/Device/ST/STM32F3xx/Include -I../Drivers/CMSIS/Include -O0 -ffunction-sections -fdata-sections -Wall -fstack-usage -fcyclomatic-complexity -MMD -MP -MF"Core/Src/main.d" -MT"Core/Src/main.o" --specs=nano.specs -mfpu=fpv4-sp-d16 -mfloat-abi=hard -mthumb -o "Core/Src/main.o"
arm-none-eabi-gcc -o "namename.elf" @"objects.list"   -mcpu=cortex-m4 -T"C:\Users\green\STM32CubeIDE\workspace_1.13.1\namename\STM32F303VCTX_FLASH.ld" --specs=nosys.specs -Wl,-Map="namename.map" -Wl,--gc-sections -static --specs=nano.specs -mfpu=fpv4-sp-d16 -mfloat-abi=hard -mthumb -Wl,--start-group -lc -lm -Wl,--end-group
Finished building target: namename.elf
 
arm-none-eabi-size   namename.elf 
arm-none-eabi-objdump -h -S  namename.elf  > "namename.list"
   text	   data	    bss	    dec	    hex	filename
   1296	     12	   1572	   2880	    b40	namename.elf
Finished building: default.size.stdout
 
Finished building: namename.list
 
13:24:13 **** Incremental Build of configuration Debug for project namename ****
make -j4 all 
arm-none-eabi-gcc "../Core/Src/main.c" -mcpu=cortex-m4 -std=gnu11 -g3 -DDEBUG -DUSE_HAL_DRIVER -DSTM32F303xC -c -I../Core/Inc -I../Drivers/STM32F3xx_HAL_Driver/Inc -I../Drivers/STM32F3xx_HAL_Driver/Inc/Legacy -I../Drivers/CMSIS/Device/ST/STM32F3xx/Include -I../Drivers/CMSIS/Include -O0 -ffunction-sections -fdata-sections -Wall -fstack-usage -fcyclomatic-complexity -MMD -MP -MF"Core/Src/main.d" -MT"Core/Src/main.o" --specs=nano.specs -mfpu=fpv4-sp-d16 -mfloat-abi=hard -mthumb -o "Core/Src/main.o"
arm-none-eabi-gcc -o "namename.elf" @"objects.list"   -mcpu=cortex-m4 -T"C:\Users\green\STM32CubeIDE\workspace_1.13.1\namename\STM32F303VCTX_FLASH.ld" --specs=nosys.specs -Wl,-Map="namename.map" -Wl,--gc-sections -static --specs=nano.specs -mfpu=fpv4-sp-d16 -mfloat-abi=hard -mthumb -Wl,--start-group -lc -lm -Wl,--end-group
Finished building target: namename.elf
 
arm-none-eabi-size   namename.elf 
arm-none-eabi-objdump -h -S  namename.elf  > "namename.list"
   text	   data	    bss	    dec	    hex	filename
   1412	     12	   1572	   2996	    bb4	namename.elf
Finished building: default.size.stdout
 
Finished building: namename.list
 
13:27:58 **** Incremental Build of configuration Debug for project namename ****
make -j4 all 
arm-none-eabi-gcc "../Core/Src/main.c" -mcpu=cortex-m4 -std=gnu11 -g3 -DDEBUG -DUSE_HAL_DRIVER -DSTM32F303xC -c -I../Core/Inc -I../Drivers/STM32F3xx_HAL_Driver/Inc -I../Drivers/STM32F3xx_HAL_Driver/Inc/Legacy -I../Drivers/CMSIS/Device/ST/STM32F3xx/Include -I../Drivers/CMSIS/Include -O0 -ffunction-sections -fdata-sections -Wall -fstack-usage -fcyclomatic-complexity -MMD -MP -MF"Core/Src/main.d" -MT"Core/Src/main.o" --specs=nano.specs -mfpu=fpv4-sp-d16 -mfloat-abi=hard -mthumb -o "Core/Src/main.o"
arm-none-eabi-gcc -o "namename.elf" @"objects.list"   -mcpu=cortex-m4 -T"C:\Users\green\STM32CubeIDE\workspace_1.13.1\namename\STM32F303VCTX_FLASH.ld" --specs=nosys.specs -Wl,-Map="namename.map" -Wl,--gc-sections -static --specs=nano.specs -mfpu=fpv4-sp-d16 -mfloat-abi=hard -mthumb -Wl,--start-group -lc -lm -Wl,--end-group
Finished building target: namename.elf
 
arm-none-eabi-size   namename.elf 
arm-none-eabi-objdump -h -S  namename.elf  > "namename.list"
   text	   data	    bss	    dec	    hex	filename
   1460	     12	   1572	   3044	    be4	namename.elf
Finished building: default.size.stdout
 
Finished building: namename.list
 
13:29:27 **** Incremental Build of configuration Debug for project namename ****
make -j4 all 
arm-none-eabi-gcc "../Core/Src/main.c" -mcpu=cortex-m4 -std=gnu11 -g3 -DDEBUG -DUSE_HAL_DRIVER -DSTM32F303xC -c -I../Core/Inc -I../Drivers/STM32F3xx_HAL_Driver/Inc -I../Drivers/STM32F3xx_HAL_Driver/Inc/Legacy -I../Drivers/CMSIS/Device/ST/STM32F3xx/Include -I../Drivers/CMSIS/Include -O0 -ffunction-sections -fdata-sections -Wall -fstack-usage -fcyclomatic-complexity -MMD -MP -MF"Core/Src/main.d" -MT"Core/Src/main.o" --specs=nano.specs -mfpu=fpv4-sp-d16 -mfloat-abi=hard -mthumb -o "Core/Src/main.o"
arm-none-eabi-gcc -o "namename.elf" @"objects.list"   -mcpu=cortex-m4 -T"C:\Users\green\STM32CubeIDE\workspace_1.13.1\namename\STM32F303VCTX_FLASH.ld" --specs=nosys.specs -Wl,-Map="namename.map" -Wl,--gc-sections -static --specs=nano.specs -mfpu=fpv4-sp-d16 -mfloat-abi=hard -mthumb -Wl,--start-group -lc -lm -Wl,--end-group
Finished building target: namename.elf
 
arm-none-eabi-size   namename.elf 
arm-none-eabi-objdump -h -S  namename.elf  > "namename.list"
   text	   data	    bss	    dec	    hex	filename
   1488	     12	   1572	   3072	    c00	namename.elf
Finished building: default.size.stdout
 
Finished building: namename.list
 
13:30:29 **** Incremental Build of configuration Debug for project namename ****
make -j4 all 
arm-none-eabi-gcc "../Core/Src/main.c" -mcpu=cortex-m4 -std=gnu11 -g3 -DDEBUG -DUSE_HAL_DRIVER -DSTM32F303xC -c -I../Core/Inc -I../Drivers/STM32F3xx_HAL_Driver/Inc -I../Drivers/STM32F3xx_HAL_Driver/Inc/Legacy -I../Drivers/CMSIS/Device/ST/STM32F3xx/Include -I../Drivers/CMSIS/Include -O0 -ffunction-sections -fdata-sections -Wall -fstack-usage -fcyclomatic-complexity -MMD -MP -MF"Core/Src/main.d" -MT"Core/Src/main.o" --specs=nano.specs -mfpu=fpv4-sp-d16 -mfloat-abi=hard -mthumb -o "Core/Src/main.o"
../Core/Src/main.c: In function 'main':
../Core/Src/main.c:113:18: error: 'GPIO_BSRR_BR_' undeclared (first use in this function); did you mean 'GPIO_BSRR_BR_2'?
  113 | GPIOE -> BSRR |= GPIO_BSRR_BR_;
      |                  ^~~~~~~~~~~~~
      |                  GPIO_BSRR_BR_2
../Core/Src/main.c:113:18: note: each undeclared identifier is reported only once for each function it appears in
make: *** [Core/Src/subdir.mk:34: Core/Src/main.o] Error 1
"make -j4 all" terminated with exit code 2. Build might be incomplete.
13:30:32 **** Incremental Build of configuration Debug for project namename ****
make -j4 all 
arm-none-eabi-gcc "../Core/Src/main.c" -mcpu=cortex-m4 -std=gnu11 -g3 -DDEBUG -DUSE_HAL_DRIVER -DSTM32F303xC -c -I../Core/Inc -I../Drivers/STM32F3xx_HAL_Driver/Inc -I../Drivers/STM32F3xx_HAL_Driver/Inc/Legacy -I../Drivers/CMSIS/Device/ST/STM32F3xx/Include -I../Drivers/CMSIS/Include -O0 -ffunction-sections -fdata-sections -Wall -fstack-usage -fcyclomatic-complexity -MMD -MP -MF"Core/Src/main.d" -MT"Core/Src/main.o" --specs=nano.specs -mfpu=fpv4-sp-d16 -mfloat-abi=hard -mthumb -o "Core/Src/main.o"
../Core/Src/main.c: In function 'main':
../Core/Src/main.c:113:18: error: 'GPIO_BSRR_BR_' undeclared (first use in this function); did you mean 'GPIO_BSRR_BR_2'?
  113 | GPIOE -> BSRR |= GPIO_BSRR_BR_;
      |                  ^~~~~~~~~~~~~
      |                  GPIO_BSRR_BR_2
../Core/Src/main.c:113:18: note: each undeclared identifier is reported only once for each function it appears in
make: *** [Core/Src/subdir.mk:34: Core/Src/main.o] Error 1
"make -j4 all" terminated with exit code 2. Build might be incomplete.
13:30:45 **** Incremental Build of configuration Debug for project namename ****
make -j4 all 
arm-none-eabi-gcc "../Core/Src/main.c" -mcpu=cortex-m4 -std=gnu11 -g3 -DDEBUG -DUSE_HAL_DRIVER -DSTM32F303xC -c -I../Core/Inc -I../Drivers/STM32F3xx_HAL_Driver/Inc -I../Drivers/STM32F3xx_HAL_Driver/Inc/Legacy -I../Drivers/CMSIS/Device/ST/STM32F3xx/Include -I../Drivers/CMSIS/Include -O0 -ffunction-sections -fdata-sections -Wall -fstack-usage -fcyclomatic-complexity -MMD -MP -MF"Core/Src/main.d" -MT"Core/Src/main.o" --specs=nano.specs -mfpu=fpv4-sp-d16 -mfloat-abi=hard -mthumb -o "Core/Src/main.o"
arm-none-eabi-gcc -o "namename.elf" @"objects.list"   -mcpu=cortex-m4 -T"C:\Users\green\STM32CubeIDE\workspace_1.13.1\namename\STM32F303VCTX_FLASH.ld" --specs=nosys.specs -Wl,-Map="namename.map" -Wl,--gc-sections -static --specs=nano.specs -mfpu=fpv4-sp-d16 -mfloat-abi=hard -mthumb -Wl,--start-group -lc -lm -Wl,--end-group
Finished building target: namename.elf
 
arm-none-eabi-size   namename.elf 
arm-none-eabi-objdump -h -S  namename.elf  > "namename.list"
   text	   data	    bss	    dec	    hex	filename
   1512	     12	   1572	   3096	    c18	namename.elf
Finished building: default.size.stdout
 
Finished building: namename.list
 
13:32:39 **** Incremental Build of configuration Debug for project namename ****
make -j4 all 
arm-none-eabi-gcc "../Core/Src/main.c" -mcpu=cortex-m4 -std=gnu11 -g3 -DDEBUG -DUSE_HAL_DRIVER -DSTM32F303xC -c -I../Core/Inc -I../Drivers/STM32F3xx_HAL_Driver/Inc -I../Drivers/STM32F3xx_HAL_Driver/Inc/Legacy -I../Drivers/CMSIS/Device/ST/STM32F3xx/Include -I../Drivers/CMSIS/Include -O0 -ffunction-sections -fdata-sections -Wall -fstack-usage -fcyclomatic-complexity -MMD -MP -MF"Core/Src/main.d" -MT"Core/Src/main.o" --specs=nano.specs -mfpu=fpv4-sp-d16 -mfloat-abi=hard -mthumb -o "Core/Src/main.o"
arm-none-eabi-gcc -o "namename.elf" @"objects.list"   -mcpu=cortex-m4 -T"C:\Users\green\STM32CubeIDE\workspace_1.13.1\namename\STM32F303VCTX_FLASH.ld" --specs=nosys.specs -Wl,-Map="namename.map" -Wl,--gc-sections -static --specs=nano.specs -mfpu=fpv4-sp-d16 -mfloat-abi=hard -mthumb -Wl,--start-group -lc -lm -Wl,--end-group
Finished building target: namename.elf
 
arm-none-eabi-size   namename.elf 
arm-none-eabi-objdump -h -S  namename.elf  > "namename.list"
   text	   data	    bss	    dec	    hex	filename
   1512	     12	   1572	   3096	    c18	namename.elf
Finished building: default.size.stdout
 
Finished building: namename.list
 
13:34:04 **** Incremental Build of configuration Debug for project namename ****
make -j4 all 
arm-none-eabi-gcc "../Core/Src/main.c" -mcpu=cortex-m4 -std=gnu11 -g3 -DDEBUG -DUSE_HAL_DRIVER -DSTM32F303xC -c -I../Core/Inc -I../Drivers/STM32F3xx_HAL_Driver/Inc -I../Drivers/STM32F3xx_HAL_Driver/Inc/Legacy -I../Drivers/CMSIS/Device/ST/STM32F3xx/Include -I../Drivers/CMSIS/Include -O0 -ffunction-sections -fdata-sections -Wall -fstack-usage -fcyclomatic-complexity -MMD -MP -MF"Core/Src/main.d" -MT"Core/Src/main.o" --specs=nano.specs -mfpu=fpv4-sp-d16 -mfloat-abi=hard -mthumb -o "Core/Src/main.o"
arm-none-eabi-gcc -o "namename.elf" @"objects.list"   -mcpu=cortex-m4 -T"C:\Users\green\STM32CubeIDE\workspace_1.13.1\namename\STM32F303VCTX_FLASH.ld" --specs=nosys.specs -Wl,-Map="namename.map" -Wl,--gc-sections -static --specs=nano.specs -mfpu=fpv4-sp-d16 -mfloat-abi=hard -mthumb -Wl,--start-group -lc -lm -Wl,--end-group
Finished building target: namename.elf
 
arm-none-eabi-size   namename.elf 
arm-none-eabi-objdump -h -S  namename.elf  > "namename.list"
   text	   data	    bss	    dec	    hex	filename
   1556	     12	   1572	   3140	    c44	namename.elf
Finished building: default.size.stdout
 
Finished building: namename.list
 
13:34:39 **** Incremental Build of configuration Debug for project namename ****
make -j4 all 
arm-none-eabi-gcc "../Core/Src/main.c" -mcpu=cortex-m4 -std=gnu11 -g3 -DDEBUG -DUSE_HAL_DRIVER -DSTM32F303xC -c -I../Core/Inc -I../Drivers/STM32F3xx_HAL_Driver/Inc -I../Drivers/STM32F3xx_HAL_Driver/Inc/Legacy -I../Drivers/CMSIS/Device/ST/STM32F3xx/Include -I../Drivers/CMSIS/Include -O0 -ffunction-sections -fdata-sections -Wall -fstack-usage -fcyclomatic-complexity -MMD -MP -MF"Core/Src/main.d" -MT"Core/Src/main.o" --specs=nano.specs -mfpu=fpv4-sp-d16 -mfloat-abi=hard -mthumb -o "Core/Src/main.o"
arm-none-eabi-gcc -o "namename.elf" @"objects.list"   -mcpu=cortex-m4 -T"C:\Users\green\STM32CubeIDE\workspace_1.13.1\namename\STM32F303VCTX_FLASH.ld" --specs=nosys.specs -Wl,-Map="namename.map" -Wl,--gc-sections -static --specs=nano.specs -mfpu=fpv4-sp-d16 -mfloat-abi=hard -mthumb -Wl,--start-group -lc -lm -Wl,--end-group
Finished building target: namename.elf
 
arm-none-eabi-size   namename.elf 
arm-none-eabi-objdump -h -S  namename.elf  > "namename.list"
   text	   data	    bss	    dec	    hex	filename
   1556	     12	   1572	   3140	    c44	namename.elf
Finished building: default.size.stdout
 
Finished building: namename.list
 
13:36:59 **** Incremental Build of configuration Debug for project namename ****
make -j4 all 
arm-none-eabi-gcc "../Core/Src/main.c" -mcpu=cortex-m4 -std=gnu11 -g3 -DDEBUG -DUSE_HAL_DRIVER -DSTM32F303xC -c -I../Core/Inc -I../Drivers/STM32F3xx_HAL_Driver/Inc -I../Drivers/STM32F3xx_HAL_Driver/Inc/Legacy -I../Drivers/CMSIS/Device/ST/STM32F3xx/Include -I../Drivers/CMSIS/Include -O0 -ffunction-sections -fdata-sections -Wall -fstack-usage -fcyclomatic-complexity -MMD -MP -MF"Core/Src/main.d" -MT"Core/Src/main.o" --specs=nano.specs -mfpu=fpv4-sp-d16 -mfloat-abi=hard -mthumb -o "Core/Src/main.o"
arm-none-eabi-gcc -o "namename.elf" @"objects.list"   -mcpu=cortex-m4 -T"C:\Users\green\STM32CubeIDE\workspace_1.13.1\namename\STM32F303VCTX_FLASH.ld" --specs=nosys.specs -Wl,-Map="namename.map" -Wl,--gc-sections -static --specs=nano.specs -mfpu=fpv4-sp-d16 -mfloat-abi=hard -mthumb -Wl,--start-group -lc -lm -Wl,--end-group
Finished building target: namename.elf
 
arm-none-eabi-size   namename.elf 
arm-none-eabi-objdump -h -S  namename.elf  > "namename.list"
   text	   data	    bss	    dec	    hex	filename
   1672	     12	   1572	   3256	    cb8	namename.elf
Finished building: default.size.stdout
 
Finished building: namename.list
 
13:53:32 **** Incremental Build of configuration Debug for project namename ****
make -j4 all 
arm-none-eabi-gcc "../Core/Src/main.c" -mcpu=cortex-m4 -std=gnu11 -g3 -DDEBUG -DUSE_HAL_DRIVER -DSTM32F303xC -c -I../Core/Inc -I../Drivers/STM32F3xx_HAL_Driver/Inc -I../Drivers/STM32F3xx_HAL_Driver/Inc/Legacy -I../Drivers/CMSIS/Device/ST/STM32F3xx/Include -I../Drivers/CMSIS/Include -O0 -ffunction-sections -fdata-sections -Wall -fstack-usage -fcyclomatic-complexity -MMD -MP -MF"Core/Src/main.d" -MT"Core/Src/main.o" --specs=nano.specs -mfpu=fpv4-sp-d16 -mfloat-abi=hard -mthumb -o "Core/Src/main.o"
arm-none-eabi-gcc -o "namename.elf" @"objects.list"   -mcpu=cortex-m4 -T"C:\Users\green\STM32CubeIDE\workspace_1.13.1\namename\STM32F303VCTX_FLASH.ld" --specs=nosys.specs -Wl,-Map="namename.map" -Wl,--gc-sections -static --specs=nano.specs -mfpu=fpv4-sp-d16 -mfloat-abi=hard -mthumb -Wl,--start-group -lc -lm -Wl,--end-group
Finished building target: namename.elf
 
arm-none-eabi-size   namename.elf 
arm-none-eabi-objdump -h -S  namename.elf  > "namename.list"
   text	   data	    bss	    dec	    hex	filename
   1672	     12	   1572	   3256	    cb8	namename.elf
Finished building: default.size.stdout
 
Finished building: namename.list
 
13:55:29 **** Incremental Build of configuration Debug for project namename ****
make -j4 all 
arm-none-eabi-gcc "../Core/Src/main.c" -mcpu=cortex-m4 -std=gnu11 -g3 -DDEBUG -DUSE_HAL_DRIVER -DSTM32F303xC -c -I../Core/Inc -I../Drivers/STM32F3xx_HAL_Driver/Inc -I../Drivers/STM32F3xx_HAL_Driver/Inc/Legacy -I../Drivers/CMSIS/Device/ST/STM32F3xx/Include -I../Drivers/CMSIS/Include -O0 -ffunction-sections -fdata-sections -Wall -fstack-usage -fcyclomatic-complexity -MMD -MP -MF"Core/Src/main.d" -MT"Core/Src/main.o" --specs=nano.specs -mfpu=fpv4-sp-d16 -mfloat-abi=hard -mthumb -o "Core/Src/main.o"
arm-none-eabi-gcc -o "namename.elf" @"objects.list"   -mcpu=cortex-m4 -T"C:\Users\green\STM32CubeIDE\workspace_1.13.1\namename\STM32F303VCTX_FLASH.ld" --specs=nosys.specs -Wl,-Map="namename.map" -Wl,--gc-sections -static --specs=nano.specs -mfpu=fpv4-sp-d16 -mfloat-abi=hard -mthumb -Wl,--start-group -lc -lm -Wl,--end-group
Finished building target: namename.elf
 
arm-none-eabi-size   namename.elf 
arm-none-eabi-objdump -h -S  namename.elf  > "namename.list"
   text	   data	    bss	    dec	    hex	filename
   1672	     12	   1572	   3256	    cb8	namename.elf
Finished building: default.size.stdout
 
Finished building: namename.list
 
13:56:01 **** Incremental Build of configuration Debug for project namename ****
make -j4 all 
arm-none-eabi-gcc "../Core/Src/main.c" -mcpu=cortex-m4 -std=gnu11 -g3 -DDEBUG -DUSE_HAL_DRIVER -DSTM32F303xC -c -I../Core/Inc -I../Drivers/STM32F3xx_HAL_Driver/Inc -I../Drivers/STM32F3xx_HAL_Driver/Inc/Legacy -I../Drivers/CMSIS/Device/ST/STM32F3xx/Include -I../Drivers/CMSIS/Include -O0 -ffunction-sections -fdata-sections -Wall -fstack-usage -fcyclomatic-complexity -MMD -MP -MF"Core/Src/main.d" -MT"Core/Src/main.o" --specs=nano.specs -mfpu=fpv4-sp-d16 -mfloat-abi=hard -mthumb -o "Core/Src/main.o"
arm-none-eabi-gcc -o "namename.elf" @"objects.list"   -mcpu=cortex-m4 -T"C:\Users\green\STM32CubeIDE\workspace_1.13.1\namename\STM32F303VCTX_FLASH.ld" --specs=nosys.specs -Wl,-Map="namename.map" -Wl,--gc-sections -static --specs=nano.specs -mfpu=fpv4-sp-d16 -mfloat-abi=hard -mthumb -Wl,--start-group -lc -lm -Wl,--end-group
Finished building target: namename.elf
 
arm-none-eabi-size   namename.elf 
arm-none-eabi-objdump -h -S  namename.elf  > "namename.list"
   text	   data	    bss	    dec	    hex	filename
   1660	     12	   1572	   3244	    cac	namename.elf
Finished building: default.size.stdout
 
Finished building: namename.list
 
13:58:47 **** Incremental Build of configuration Debug for project namename ****
make -j4 all 
arm-none-eabi-gcc "../Core/Src/main.c" -mcpu=cortex-m4 -std=gnu11 -g3 -DDEBUG -DUSE_HAL_DRIVER -DSTM32F303xC -c -I../Core/Inc -I../Drivers/STM32F3xx_HAL_Driver/Inc -I../Drivers/STM32F3xx_HAL_Driver/Inc/Legacy -I../Drivers/CMSIS/Device/ST/STM32F3xx/Include -I../Drivers/CMSIS/Include -O0 -ffunction-sections -fdata-sections -Wall -fstack-usage -fcyclomatic-complexity -MMD -MP -MF"Core/Src/main.d" -MT"Core/Src/main.o" --specs=nano.specs -mfpu=fpv4-sp-d16 -mfloat-abi=hard -mthumb -o "Core/Src/main.o"
arm-none-eabi-gcc -o "namename.elf" @"objects.list"   -mcpu=cortex-m4 -T"C:\Users\green\STM32CubeIDE\workspace_1.13.1\namename\STM32F303VCTX_FLASH.ld" --specs=nosys.specs -Wl,-Map="namename.map" -Wl,--gc-sections -static --specs=nano.specs -mfpu=fpv4-sp-d16 -mfloat-abi=hard -mthumb -Wl,--start-group -lc -lm -Wl,--end-group
Finished building target: namename.elf
 
arm-none-eabi-size   namename.elf 
arm-none-eabi-objdump -h -S  namename.elf  > "namename.list"
   text	   data	    bss	    dec	    hex	filename
   1236	     12	   1572	   2820	    b04	namename.elf
Finished building: default.size.stdout
 
Finished building: namename.list
 
13:59:29 **** Incremental Build of configuration Debug for project namename ****
make -j4 all 
arm-none-eabi-gcc "../Core/Src/main.c" -mcpu=cortex-m4 -std=gnu11 -g3 -DDEBUG -DUSE_HAL_DRIVER -DSTM32F303xC -c -I../Core/Inc -I../Drivers/STM32F3xx_HAL_Driver/Inc -I../Drivers/STM32F3xx_HAL_Driver/Inc/Legacy -I../Drivers/CMSIS/Device/ST/STM32F3xx/Include -I../Drivers/CMSIS/Include -O0 -ffunction-sections -fdata-sections -Wall -fstack-usage -fcyclomatic-complexity -MMD -MP -MF"Core/Src/main.d" -MT"Core/Src/main.o" --specs=nano.specs -mfpu=fpv4-sp-d16 -mfloat-abi=hard -mthumb -o "Core/Src/main.o"
arm-none-eabi-gcc -o "namename.elf" @"objects.list"   -mcpu=cortex-m4 -T"C:\Users\green\STM32CubeIDE\workspace_1.13.1\namename\STM32F303VCTX_FLASH.ld" --specs=nosys.specs -Wl,-Map="namename.map" -Wl,--gc-sections -static --specs=nano.specs -mfpu=fpv4-sp-d16 -mfloat-abi=hard -mthumb -Wl,--start-group -lc -lm -Wl,--end-group
Finished building target: namename.elf
 
arm-none-eabi-size   namename.elf 
arm-none-eabi-objdump -h -S  namename.elf  > "namename.list"
   text	   data	    bss	    dec	    hex	filename
   1660	     12	   1572	   3244	    cac	namename.elf
Finished building: default.size.stdout
 
Finished building: namename.list
 
14:00:12 **** Incremental Build of configuration Debug for project namename ****
make -j4 all 
arm-none-eabi-gcc "../Core/Src/main.c" -mcpu=cortex-m4 -std=gnu11 -g3 -DDEBUG -DUSE_HAL_DRIVER -DSTM32F303xC -c -I../Core/Inc -I../Drivers/STM32F3xx_HAL_Driver/Inc -I../Drivers/STM32F3xx_HAL_Driver/Inc/Legacy -I../Drivers/CMSIS/Device/ST/STM32F3xx/Include -I../Drivers/CMSIS/Include -O0 -ffunction-sections -fdata-sections -Wall -fstack-usage -fcyclomatic-complexity -MMD -MP -MF"Core/Src/main.d" -MT"Core/Src/main.o" --specs=nano.specs -mfpu=fpv4-sp-d16 -mfloat-abi=hard -mthumb -o "Core/Src/main.o"
arm-none-eabi-gcc -o "namename.elf" @"objects.list"   -mcpu=cortex-m4 -T"C:\Users\green\STM32CubeIDE\workspace_1.13.1\namename\STM32F303VCTX_FLASH.ld" --specs=nosys.specs -Wl,-Map="namename.map" -Wl,--gc-sections -static --specs=nano.specs -mfpu=fpv4-sp-d16 -mfloat-abi=hard -mthumb -Wl,--start-group -lc -lm -Wl,--end-group
Finished building target: namename.elf
 
arm-none-eabi-size   namename.elf 
arm-none-eabi-objdump -h -S  namename.elf  > "namename.list"
   text	   data	    bss	    dec	    hex	filename
   1672	     12	   1572	   3256	    cb8	namename.elf
Finished building: default.size.stdout
 
Finished building: namename.list
 
